outside before
  outer before
    inner before
outside between
    inner after
  outer after
outside after
