global	nil
global	nil
global	nil
block	B
global	nil
